#-----------------------------------------------------------
# Vivado v2016.2 (64-bit)
# SW Build 1577090 on Thu Jun  2 16:32:35 MDT 2016
# IP Build 1577682 on Fri Jun  3 12:00:54 MDT 2016
# Start of session at: Thu Nov 10 12:14:02 2016
# Process ID: 2735
# Current directory: /home/young/work/axi_vdma
# Command line: vivado
# Log file: /home/young/work/axi_vdma/vivado.log
# Journal file: /home/young/work/axi_vdma/vivado.jou
#-----------------------------------------------------------
start_gui
open_project /home/young/work/FPGA/vdma_test/vdma_test.xpr
update_compile_order -fileset sources_1
set_property -dict [list CONFIG.Enable_Reset_Synchronization {true}] [get_ips vdma_stream_fifo_512]
generate_target all [get_files  /home/young/work/FPGA/vdma_test/vdma_test.srcs/sources_1/ip/vdma_stream_fifo_512/vdma_stream_fifo_512.xci]
export_ip_user_files -of_objects [get_files /home/young/work/FPGA/vdma_test/vdma_test.srcs/sources_1/ip/vdma_stream_fifo_512/vdma_stream_fifo_512.xci] -no_script -force -quiet
reset_run vdma_stream_fifo_512_synth_1
launch_run -jobs 4 vdma_stream_fifo_512_synth_1
export_simulation -of_objects [get_files /home/young/work/FPGA/vdma_test/vdma_test.srcs/sources_1/ip/vdma_stream_fifo_512/vdma_stream_fifo_512.xci] -directory /home/young/work/FPGA/vdma_test/vdma_test.ip_user_files/sim_scripts -ip_user_files_dir /home/young/work/FPGA/vdma_test/vdma_test.ip_user_files -ipstatic_source_dir /home/young/work/FPGA/vdma_test/vdma_test.ip_user_files/ipstatic -force -quiet
reset_run synth_1
launch_runs synth_1 -jobs 4
wait_on_run synth_1
open_run synth_1 -name synth_1
reset_run synth_1
launch_runs synth_1 -jobs 4
wait_on_run synth_1
refresh_design
reset_run synth_1
launch_runs synth_1 -jobs 4
wait_on_run synth_1
refresh_design
reset_run synth_1
launch_runs synth_1 -jobs 4
wait_on_run synth_1
refresh_design
reset_run synth_1
launch_runs synth_1 -jobs 4
wait_on_run synth_1
refresh_design
reset_run synth_1
launch_runs synth_1 -jobs 4
wait_on_run synth_1
refresh_design
reset_run synth_1
launch_runs synth_1 -jobs 4
wait_on_run synth_1
refresh_design
reset_run synth_1
launch_runs synth_1 -jobs 4
wait_on_run synth_1
refresh_design
reset_run synth_1
launch_runs synth_1 -jobs 4
wait_on_run synth_1
reset_run synth_1
launch_runs synth_1 -jobs 4
wait_on_run synth_1
refresh_design
